00 0000ff 0000ff 0000ff 0000ff 0000ff 0000ff 0000ff 0000ff 0000ff 0000ff 0000ff 0000ff
01 00ff00 00ff00 00ff00 00ff00 00ff00 00ff00 00ff00 00ff00 00ff00 00ff00 00ff00 00ff00
00 00ff00 00ff00 00ff00 00ff00 00ff00 00ff00 00ff00 00ff00 00ff00 00ff00 00ff00 00ff00
01 0000ff 0000ff 0000ff 0000ff 0000ff 0000ff 0000ff 0000ff 0000ff 0000ff 0000ff 0000ff
00 0000ff 0000ff 0000ff 0000ff 0000ff 0000ff 0000ff 0000ff 0000ff 0000ff 0000ff 0000ff
01 00ff00 00ff00 00ff00 00ff00 00ff00 00ff00 00ff00 00ff00 00ff00 00ff00 00ff00 00ff00
00 00ff00 00ff00 00ff00 00ff00 00ff00 00ff00 00ff00 00ff00 00ff00 00ff00 00ff00 00ff00
01 0000ff 0000ff 0000ff 0000ff 0000ff 0000ff 0000ff 0000ff 0000ff 0000ff 0000ff 0000ff
