00 ff0000 ff0000 ff0000 ff0000 ff0000 ff0000 ff0000 ff0000 ff0000 ff0000 ff0000 ff0000
00 ff0000 ff0000 ff0000 ff0000 ff0000 ff0000 ff0000 ff0000 ff0000 ff0000 ff0000 ff0000
00 ff0000 ff0000 ff0000 ff0000 ff0000 ff0000 ff0000 ff0000 ff0000 ff0000 ff0000 ff0000
00 ffffff ff0000 ff0000 ff0000 ff0000 ffffff ffffff ff0000 ff0000 ff0000 ff0000 ffffff
00 ffffff ff0000 ff0000 ff0000 ff0000 ffffff ffffff ff0000 ff0000 ff0000 ff0000 ffffff
00 ffffff ff0000 ff0000 ff0000 ff0000 ffffff ffffff ff0000 ff0000 ff0000 ff0000 ffffff
00 ffffff ff0000 ff0000 ff0000 ff0000 ffffff ffffff ff0000 ff0000 ff0000 ff0000 ffffff
00 ffffff ffffff ff0000 ff0000 ffffff ffffff ffffff ffffff ff0000 ff0000 ffffff ffffff
00 ffffff ffffff ff0000 ff0000 ffffff ffffff ffffff ffffff ff0000 ff0000 ffffff ffffff
00 ffffff ffffff ff0000 ff0000 ffffff ffffff ffffff ffffff ff0000 ff0000 ffffff ffffff
00 ffffff ffffff ff0000 ff0000 ffffff ffffff ffffff ffffff ff0000 ff0000 ffffff ffffff
00 ffffff ffffff ffffff ffffff ffffff ffffff ffffff ffffff ffffff ffffff ffffff ffffff
00 ffffff ffffff ffffff ffffff ffffff ffffff ffffff ffffff ffffff ffffff ffffff ffffff
00 ffffff ffffff ffffff ffffff ffffff ffffff ffffff ffffff ffffff ffffff ffffff ffffff
00 ffffff ffffff ffffff ffffff ffffff ffffff ffffff ffffff ffffff ffffff ffffff ffffff
00 ffffff ffffff ff0000 ff0000 ffffff ffffff ffffff ffffff ff0000 ff0000 ffffff ffffff
00 ffffff ffffff ff0000 ff0000 ffffff ffffff ffffff ffffff ff0000 ff0000 ffffff ffffff
00 ffffff ffffff ff0000 ff0000 ffffff ffffff ffffff ffffff ff0000 ff0000 ffffff ffffff
00 ffffff ffffff ff0000 ff0000 ffffff ffffff ffffff ffffff ff0000 ff0000 ffffff ffffff
00 ffffff ff0000 ff0000 ff0000 ff0000 ffffff ffffff ff0000 ff0000 ff0000 ff0000 ffffff
00 ffffff ff0000 ff0000 ff0000 ff0000 ffffff ffffff ff0000 ff0000 ff0000 ff0000 ffffff
00 ffffff ff0000 ff0000 ff0000 ff0000 ffffff ffffff ff0000 ff0000 ff0000 ff0000 ffffff
00 ffffff ff0000 ff0000 ff0000 ff0000 ffffff ffffff ff0000 ff0000 ff0000 ff0000 ffffff
00 ff0000 ff0000 ff0000 ff0000 ff0000 ff0000 ff0000 ff0000 ff0000 ff0000 ff0000 ff0000
00 ff0000 ff0000 ff0000 ff0000 ff0000 ff0000 ff0000 ff0000 ff0000 ff0000 ff0000 ff0000
00 000000 000000 000000 000000 000000 000000 000000 000000 000000 000000 000000 000000
00 000000 000000 000000 000000 000000 000000 000000 000000 000000 000000 000000 000000
00 000000 000000 000000 000000 000000 000000 000000 000000 000000 000000 000000 000000
00 000000 000000 000000 000000 000000 000000 000000 000000 000000 000000 000000 000000
00 000000 000000 000000 000000 000000 000000 000000 000000 000000 000000 000000 000000
