00 00ff00 000000 000000 000000 000000 000000 000000 000000 000000 000000 000000 000000
01 000000 00ff00 00ff00 00ff00 00ff00 00ff00 00ff00 000000 000000 000000 000000 000000
02 000000 00ff00 00ff00 00ff00 00ff00 00ff00 00ff00 000000 000000 000000 000000 000000
00 00ff00 00ff00 000000 000000 000000 000000 000000 000000 000000 000000 000000 000000
01 000000 000000 00ff00 00ff00 00ff00 00ff00 00ff00 00ff00 000000 000000 000000 000000
02 000000 000000 00ff00 00ff00 00ff00 00ff00 00ff00 00ff00 000000 000000 000000 000000
00 00ff00 00ff00 00ff00 000000 000000 000000 000000 000000 000000 000000 000000 000000
01 000000 000000 000000 00ff00 00ff00 00ff00 00ff00 00ff00 00ff00 000000 000000 000000
02 000000 000000 000000 00ff00 00ff00 00ff00 00ff00 00ff00 00ff00 000000 000000 000000
00 00ff00 00ff00 00ff00 00ff00 000000 000000 000000 000000 000000 000000 000000 000000
01 000000 000000 000000 000000 00ff00 00ff00 00ff00 00ff00 00ff00 00ff00 000000 000000
02 000000 000000 000000 000000 00ff00 00ff00 00ff00 00ff00 00ff00 00ff00 000000 000000
00 00ff00 00ff00 00ff00 00ff00 00ff00 000000 000000 000000 000000 000000 000000 000000
01 000000 000000 000000 000000 000000 00ff00 00ff00 00ff00 00ff00 00ff00 00ff00 000000
02 000000 000000 000000 000000 000000 00ff00 00ff00 00ff00 00ff00 00ff00 00ff00 000000
00 00ff00 00ff00 00ff00 00ff00 00ff00 00ff00 000000 000000 000000 000000 000000 000000
01 000000 000000 000000 000000 000000 000000 00ff00 00ff00 00ff00 00ff00 00ff00 00ff00
02 000000 000000 000000 000000 000000 000000 00ff00 00ff00 00ff00 00ff00 00ff00 00ff00
00 00ff00 00ff00 00ff00 00ff00 00ff00 00ff00 00ff00 000000 000000 000000 000000 000000
01 00ff00 000000 000000 000000 000000 000000 000000 00ff00 00ff00 00ff00 00ff00 00ff00
02 00ff00 000000 000000 000000 000000 000000 000000 00ff00 00ff00 00ff00 00ff00 00ff00
00 00ff00 00ff00 00ff00 00ff00 00ff00 00ff00 00ff00 00ff00 000000 000000 000000 000000
01 00ff00 00ff00 000000 000000 000000 000000 000000 000000 00ff00 00ff00 00ff00 00ff00
02 00ff00 00ff00 000000 000000 000000 000000 000000 000000 00ff00 00ff00 00ff00 00ff00
00 00ff00 00ff00 00ff00 00ff00 00ff00 00ff00 00ff00 00ff00 00ff00 000000 000000 000000
01 00ff00 00ff00 00ff00 000000 000000 000000 000000 000000 000000 00ff00 00ff00 00ff00
02 00ff00 00ff00 00ff00 000000 000000 000000 000000 000000 000000 00ff00 00ff00 00ff00
00 00ff00 00ff00 00ff00 00ff00 00ff00 00ff00 00ff00 00ff00 00ff00 00ff00 000000 000000
01 00ff00 00ff00 00ff00 00ff00 000000 000000 000000 000000 000000 000000 00ff00 00ff00
02 00ff00 00ff00 00ff00 00ff00 000000 000000 000000 000000 000000 000000 00ff00 00ff00
00 00ff00 00ff00 00ff00 00ff00 00ff00 00ff00 00ff00 00ff00 00ff00 00ff00 00ff00 000000
01 00ff00 00ff00 00ff00 00ff00 00ff00 000000 000000 000000 000000 000000 000000 00ff00
02 00ff00 00ff00 00ff00 00ff00 00ff00 000000 000000 000000 000000 000000 000000 00ff00
00 00ff00 00ff00 00ff00 00ff00 00ff00 00ff00 00ff00 00ff00 00ff00 00ff00 00ff00 00ff00
01 00ff00 00ff00 00ff00 00ff00 00ff00 00ff00 000000 000000 000000 000000 000000 000000
02 00ff00 00ff00 00ff00 00ff00 00ff00 00ff00 000000 000000 000000 000000 000000 000000
00 000000 000000 000000 000000 000000 000000 000000 000000 000000 000000 000000 000000
01 00ff00 00ff00 00ff00 00ff00 00ff00 00ff00 000000 000000 000000 000000 000000 000000
02 00ff00 00ff00 00ff00 00ff00 00ff00 00ff00 000000 000000 000000 000000 000000 000000
00 00ff00 000000 000000 000000 000000 000000 000000 000000 000000 000000 000000 000000
01 000000 00ff00 00ff00 00ff00 00ff00 00ff00 00ff00 000000 000000 000000 000000 000000
02 000000 00ff00 00ff00 00ff00 00ff00 00ff00 00ff00 000000 000000 000000 000000 000000
