00 000000 000000 000000 ffffff ffffff ffffff ffffff ffffff ffffff 000000 000000 000000
01 000000 000000 000000 000000 000000 000000 000000 000000 000000 000000 000000 000000
02 000000 000000 000000 ffffff ffffff 000000 000000 ffffff ffffff 000000 000000 000000
00 000000 000000 000000 000000 ffffff ffffff ffffff ffffff ffffff ffffff 000000 000000
01 ffffff ffffff 000000 000000 000000 000000 ffffff ffffff 000000 000000 000000 000000
02 000000 000000 000000 000000 ffffff ffffff ffffff ffffff 000000 000000 000000 000000
00 000000 000000 000000 000000 000000 ffffff ffffff ffffff ffffff ffffff ffffff 000000
01 ffffff ffffff 000000 000000 000000 000000 ffffff ffffff 000000 000000 000000 000000
02 000000 000000 000000 ffffff ffffff 000000 000000 ffffff ffffff 000000 000000 000000
00 000000 000000 000000 000000 000000 000000 ffffff ffffff ffffff ffffff ffffff ffffff
01 ffffff ffffff ffffff 000000 000000 000000 ffffff ffffff ffffff 000000 000000 000000
02 000000 000000 ffffff ffffff 000000 000000 000000 000000 ffffff ffffff 000000 000000
00 ffffff 000000 000000 000000 000000 000000 000000 ffffff ffffff ffffff ffffff ffffff
01 ffffff ffffff ffffff 000000 000000 000000 ffffff ffffff ffffff 000000 000000 000000
02 000000 000000 000000 ffffff ffffff 000000 000000 ffffff ffffff 000000 000000 000000
00 ffffff ffffff 000000 000000 000000 000000 000000 000000 ffffff ffffff ffffff ffffff
01 ffffff ffffff ffffff ffffff 000000 000000 ffffff ffffff ffffff ffffff 000000 000000
02 000000 000000 000000 000000 ffffff ffffff ffffff ffffff 000000 000000 000000 000000
00 000000 000000 ffffff ffffff ffffff ffffff ffffff ffffff 000000 000000 000000 000000
01 ffffff ffffff ffffff ffffff 000000 000000 ffffff ffffff ffffff ffffff 000000 000000
02 000000 000000 000000 ffffff ffffff 000000 000000 ffffff ffffff 000000 000000 000000
00 000000 000000 000000 ffffff ffffff ffffff ffffff ffffff ffffff 000000 000000 000000
01 ffffff ffffff ffffff 000000 000000 000000 ffffff ffffff ffffff 000000 000000 000000
02 000000 000000 ffffff ffffff 000000 000000 000000 000000 ffffff ffffff 000000 000000
00 000000 000000 000000 000000 ffffff ffffff ffffff ffffff ffffff ffffff 000000 000000
01 ffffff ffffff ffffff 000000 000000 000000 ffffff ffffff ffffff 000000 000000 000000
02 000000 000000 000000 ffffff ffffff 000000 000000 ffffff ffffff 000000 000000 000000
00 000000 000000 000000 000000 000000 ffffff ffffff ffffff ffffff ffffff ffffff 000000
01 ffffff ffffff 000000 000000 000000 000000 ffffff ffffff 000000 000000 000000 000000
02 000000 000000 000000 000000 ffffff ffffff ffffff ffffff 000000 000000 000000 000000
00 000000 000000 000000 000000 000000 000000 ffffff ffffff ffffff ffffff ffffff ffffff
01 ffffff ffffff 000000 000000 000000 000000 ffffff ffffff 000000 000000 000000 000000
02 000000 000000 000000 ffffff ffffff 000000 000000 ffffff ffffff 000000 000000 000000
00 ffffff 000000 000000 000000 000000 000000 000000 ffffff ffffff ffffff ffffff ffffff
01 ffffff 000000 000000 000000 000000 000000 ffffff 000000 000000 000000 000000 000000
02 000000 000000 ffffff ffffff 000000 000000 000000 000000 ffffff ffffff 000000 000000
00 ffffff ffffff 000000 000000 000000 000000 000000 000000 ffffff ffffff ffffff ffffff
01 ffffff 000000 000000 000000 000000 000000 ffffff 000000 000000 000000 000000 000000
02 000000 000000 000000 ffffff ffffff 000000 000000 ffffff ffffff 000000 000000 000000
00 000000 000000 ffffff ffffff ffffff ffffff ffffff ffffff 000000 000000 000000 000000
01 ffffff ffffff 000000 000000 000000 000000 ffffff ffffff 000000 000000 000000 000000
02 000000 000000 000000 000000 ffffff ffffff ffffff ffffff 000000 000000 000000 000000
00 000000 000000 000000 ffffff ffffff ffffff ffffff ffffff ffffff 000000 000000 000000
01 ffffff ffffff 000000 000000 000000 000000 ffffff ffffff 000000 000000 000000 000000
02 000000 000000 000000 ffffff ffffff 000000 000000 ffffff ffffff 000000 000000 000000
00 000000 000000 000000 000000 ffffff ffffff ffffff ffffff ffffff ffffff 000000 000000
01 ffffff ffffff ffffff 000000 000000 000000 ffffff ffffff ffffff 000000 000000 000000
02 000000 000000 ffffff ffffff 000000 000000 000000 000000 ffffff ffffff 000000 000000
00 000000 000000 000000 000000 000000 ffffff ffffff ffffff ffffff ffffff ffffff 000000
01 ffffff ffffff ffffff 000000 000000 000000 ffffff ffffff ffffff 000000 000000 000000
02 000000 000000 000000 ffffff ffffff 000000 000000 ffffff ffffff 000000 000000 000000
00 000000 000000 000000 000000 000000 000000 ffffff ffffff ffffff ffffff ffffff ffffff
01 ffffff ffffff ffffff ffffff 000000 000000 ffffff ffffff ffffff ffffff 000000 000000
02 000000 000000 000000 000000 ffffff ffffff ffffff ffffff 000000 000000 000000 000000
00 ffffff 000000 000000 000000 000000 000000 000000 ffffff ffffff ffffff ffffff ffffff
01 ffffff ffffff ffffff ffffff 000000 000000 ffffff ffffff ffffff ffffff 000000 000000
02 000000 000000 000000 ffffff ffffff 000000 000000 ffffff ffffff 000000 000000 000000
00 ffffff ffffff 000000 000000 000000 000000 000000 000000 ffffff ffffff ffffff ffffff
01 ffffff ffffff ffffff 000000 000000 000000 ffffff ffffff ffffff 000000 000000 000000
02 000000 000000 ffffff ffffff 000000 000000 000000 000000 ffffff ffffff 000000 000000
00 000000 000000 ffffff ffffff ffffff ffffff ffffff ffffff 000000 000000 000000 000000
01 ffffff ffffff ffffff 000000 000000 000000 ffffff ffffff ffffff 000000 000000 000000
02 000000 000000 000000 ffffff ffffff 000000 000000 ffffff ffffff 000000 000000 000000
00 000000 000000 000000 ffffff ffffff ffffff ffffff ffffff ffffff 000000 000000 000000
01 ffffff ffffff 000000 000000 000000 000000 ffffff ffffff 000000 000000 000000 000000
02 000000 000000 000000 000000 ffffff ffffff ffffff ffffff 000000 000000 000000 000000
00 000000 000000 000000 000000 ffffff ffffff ffffff ffffff ffffff ffffff 000000 000000
01 ffffff ffffff 000000 000000 000000 000000 ffffff ffffff 000000 000000 000000 000000
02 000000 000000 000000 ffffff ffffff 000000 000000 ffffff ffffff 000000 000000 000000
00 000000 000000 000000 000000 000000 ffffff ffffff ffffff ffffff ffffff ffffff 000000
01 ffffff 000000 000000 000000 000000 000000 ffffff 000000 000000 000000 000000 000000
02 000000 000000 ffffff ffffff 000000 000000 000000 000000 ffffff ffffff 000000 000000
