00 00ff00 000000 000000 000000 000000 000000 000000 000000 000000 000000 000000 00ff00
00 00ff00 00ff00 000000 000000 000000 000000 000000 000000 000000 000000 00ff00 00ff00
00 00ff00 00ff00 00ff00 000000 000000 000000 000000 000000 000000 00ff00 00ff00 00ff00
00 00ff00 00ff00 00ff00 00ff00 000000 000000 000000 000000 00ff00 00ff00 00ff00 00ff00
00 00ff00 00ff00 00ff00 00ff00 00ff00 000000 000000 00ff00 00ff00 00ff00 00ff00 00ff00
00 00ff00 00ff00 00ff00 00ff00 00ff00 00ff00 00ff00 00ff00 00ff00 00ff00 00ff00 00ff00
00 000000 000000 000000 000000 000000 000000 000000 000000 000000 000000 000000 000000
00 00ff00 000000 000000 000000 000000 000000 000000 000000 000000 000000 000000 00ff00
00 00ff00 00ff00 000000 000000 000000 000000 000000 000000 000000 000000 00ff00 00ff00
00 00ff00 00ff00 00ff00 000000 000000 000000 000000 000000 000000 00ff00 00ff00 00ff00
00 00ff00 00ff00 00ff00 00ff00 000000 000000 000000 000000 00ff00 00ff00 00ff00 00ff00
00 00ff00 00ff00 00ff00 00ff00 00ff00 000000 000000 00ff00 00ff00 00ff00 00ff00 00ff00
00 00ff00 00ff00 00ff00 00ff00 00ff00 00ff00 00ff00 00ff00 00ff00 00ff00 00ff00 00ff00
00 000000 000000 000000 000000 000000 000000 000000 000000 000000 000000 000000 000000
