00 ff0000 ff0000 ff0000 ff0000 ff0000 ff0000 ff0000 ff0000 ff0000 ff0000 ff0000 000000
00 ff0000 ff0000 ff0000 ff0000 ff0000 ff0000 ff0000 ff0000 ff0000 ff0000 ff0000 000000
00 ff0000 ff0000 ff0000 ff0000 ff0000 ff0000 ff0000 ff0000 ff0000 ff0000 ff0000 000000
00 ff0000 ff0000 ff0000 ff0000 ff0000 ff0000 ff0000 ff0000 ff0000 ff0000 ff0000 000000
00 ff0000 ff0000 ff0000 ff0000 ff0000 ff0000 ff0000 ff0000 ff0000 ff0000 ff0000 000000
00 ff0000 ff0000 ff0000 ff0000 ff0000 ff0000 ff0000 ff0000 ff0000 ff0000 ff0000 000000
00 ff0000 ff0000 ff0000 ff0000 ff0000 ff0000 ff0000 ff0000 ff0000 ff0000 ff0000 ff0000
00 ff0000 ff0000 ff0000 ff0000 ff0000 ff0000 ff0000 ff0000 ff0000 ff0000 ff0000 ff0000
00 ff0000 ff0000 ff0000 ff0000 ff0000 ff0000 ff0000 ff0000 ff0000 ff0000 ff0000 ff0000
00 ff0000 ff0000 ff0000 ff0000 ff0000 ff0000 ff0000 ff0000 ff0000 ff0000 ff0000 ff0000
00 ff0000 ff0000 ff0000 ff0000 ff0000 ff0000 ff0000 ff0000 ff0000 ff0000 ff0000 ff0000
00 ff0000 ff0000 ff0000 ff0000 ff0000 ff0000 ff0000 ff0000 ff0000 ff0000 ff0000 ff0000
00 ff0000 ff0000 ff0000 ff0000 ff0000 ff0000 ff0000 ff0000 ff0000 ff0000 ff0000 ff0000
00 ff0000 ff0000 ff0000 ff0000 ff0000 ff0000 ff0000 ff0000 ff0000 ff0000 ff0000 000000
00 ff0000 ff0000 ff0000 ff0000 ff0000 ff0000 ff0000 ff0000 ff0000 ff0000 ff0000 000000
00 ff0000 ff0000 ff0000 ff0000 ff0000 ff0000 ff0000 ff0000 ff0000 ff0000 ff0000 000000
00 ff0000 ff0000 ff0000 ff0000 ff0000 ff0000 ff0000 ff0000 ff0000 ff0000 ff0000 000000
00 ff0000 ff0000 ff0000 ff0000 ff0000 ff0000 ff0000 ff0000 ff0000 ff0000 ff0000 000000
00 ff0000 ff0000 ff0000 ff0000 ff0000 ff0000 ff0000 ff0000 ff0000 ff0000 ff0000 000000
00 ff0000 ff0000 ff0000 ff0000 ff0000 ff0000 ff0000 ff0000 ff0000 ff0000 ff0000 000000
00 ff0000 ff0000 ff0000 ff0000 ff0000 ff0000 ff0000 ff0000 ff0000 ff0000 ff0000 ff0000
00 ff0000 ff0000 ff0000 ff0000 ff0000 ff0000 ff0000 ff0000 ff0000 ff0000 ff0000 ff0000
00 ff0000 ff0000 ff0000 ff0000 ff0000 ff0000 ff0000 ff0000 ff0000 ff0000 ff0000 ff0000
00 ff0000 ff0000 ff0000 ff0000 ff0000 ff0000 ff0000 ff0000 ff0000 ff0000 ff0000 ff0000
00 ff0000 ff0000 ff0000 ff0000 ff0000 ff0000 ff0000 ff0000 ff0000 ff0000 ff0000 ff0000
00 ff0000 ff0000 ff0000 ff0000 ff0000 ff0000 ff0000 ff0000 ff0000 ff0000 ff0000 ff0000
00 ff0000 ff0000 ff0000 ff0000 ff0000 ff0000 ff0000 ff0000 ff0000 ff0000 ff0000 ff0000
00 ff0000 ff0000 ff0000 ff0000 ff0000 ff0000 ff0000 ff0000 ff0000 ff0000 ff0000 ff0000
00 ff0000 ff0000 ff0000 ff0000 ff0000 ff0000 ff0000 ff0000 ff0000 ff0000 ff0000 ff0000
00 ff0000 ff0000 ff0000 ff0000 ff0000 ff0000 ff0000 ff0000 ff0000 ff0000 ff0000 ff0000
