00 ffffff ffffff 000000 ffffff ffffff 000000 ffffff ffffff 000000 ffffff ffffff 000000
00 ffffff ffffff 000000 ffffff ffffff 000000 ffffff ffffff 000000 ffffff ffffff 000000
00 ffffff ffffff 000000 ffffff ffffff 000000 ffffff ffffff 000000 ffffff ffffff 000000
00 ffffff ffffff 000000 ffffff ffffff 000000 ffffff ffffff 000000 ffffff ffffff 000000
00 ffffff ffffff 000000 ffffff ffffff 000000 ffffff ffffff 000000 ffffff ffffff 000000
00 ffffff ffffff 000000 ffffff ffffff 000000 ffffff ffffff 000000 ffffff ffffff 000000
00 000000 ffffff ffffff 000000 ffffff ffffff 000000 ffffff ffffff 000000 ffffff ffffff
00 000000 ffffff ffffff 000000 ffffff ffffff 000000 ffffff ffffff 000000 ffffff ffffff
00 000000 ffffff ffffff 000000 ffffff ffffff 000000 ffffff ffffff 000000 ffffff ffffff
00 000000 ffffff ffffff 000000 ffffff ffffff 000000 ffffff ffffff 000000 ffffff ffffff
00 000000 ffffff ffffff 000000 ffffff ffffff 000000 ffffff ffffff 000000 ffffff ffffff
00 000000 ffffff ffffff 000000 ffffff ffffff 000000 ffffff ffffff 000000 ffffff ffffff
00 000000 ffffff ffffff 000000 ffffff ffffff 000000 ffffff ffffff 000000 ffffff ffffff
00 ffffff 000000 ffffff ffffff 000000 ffffff ffffff 000000 ffffff ffffff 000000 ffffff
00 ffffff 000000 ffffff ffffff 000000 ffffff ffffff 000000 ffffff ffffff 000000 ffffff
00 ffffff 000000 ffffff ffffff 000000 ffffff ffffff 000000 ffffff ffffff 000000 ffffff
00 ffffff 000000 ffffff ffffff 000000 ffffff ffffff 000000 ffffff ffffff 000000 ffffff
00 ffffff 000000 ffffff ffffff 000000 ffffff ffffff 000000 ffffff ffffff 000000 ffffff
00 ffffff 000000 ffffff ffffff 000000 ffffff ffffff 000000 ffffff ffffff 000000 ffffff
00 ffffff 000000 ffffff ffffff 000000 ffffff ffffff 000000 ffffff ffffff 000000 ffffff
00 ffffff ffffff 000000 ffffff ffffff 000000 ffffff ffffff 000000 ffffff ffffff 000000
00 ffffff ffffff 000000 ffffff ffffff 000000 ffffff ffffff 000000 ffffff ffffff 000000
00 ffffff ffffff 000000 ffffff ffffff 000000 ffffff ffffff 000000 ffffff ffffff 000000
00 ffffff ffffff 000000 ffffff ffffff 000000 ffffff ffffff 000000 ffffff ffffff 000000
00 ffffff ffffff 000000 ffffff ffffff 000000 ffffff ffffff 000000 ffffff ffffff 000000
00 ffffff ffffff 000000 ffffff ffffff 000000 ffffff ffffff 000000 ffffff ffffff 000000
00 ffffff ffffff 000000 ffffff ffffff 000000 ffffff ffffff 000000 ffffff ffffff 000000
00 000000 ffffff ffffff 000000 ffffff ffffff 000000 ffffff ffffff 000000 ffffff ffffff
00 000000 ffffff ffffff 000000 ffffff ffffff 000000 ffffff ffffff 000000 ffffff ffffff
00 000000 ffffff ffffff 000000 ffffff ffffff 000000 ffffff ffffff 000000 ffffff ffffff
